I (17223) main: GPIO Level: 1

I (17343) main: Trying low
I (17344) main: GPIO set Low

I (18232) main: Trying high

I (18233) main: GPIO set High

I (18722) main: GPIO Level: 1

I (18852) main: Trying low
I (18853) main: GPIO set Low


 ets Jan  8 2013,rst cause:2, boot mode:(3,7)

load 0x40100000, len 7040, room 16
tail 0
chksum 0xee
load 0x3ffe8408, len 24, room 8
tail 0
chksum 0x67
load 0x3ffe8420, len 3324, room 8
tail 4
chksum 0x47
csum 0x47
I (46) boot: ESP-IDF v3.4-49-g0f200b46 2nd stage bootloader
I (46) boot: compile time 18:24:00
I (46) qio_mode: Enabling default flash chip QIO
I (54) boot: SPI Speed      : 40MHz
I (60) boot: SPI Mode       : QIO
I (66) boot: SPI Flash Size : 1MB
I (73) boot: Partition Table:
I (78) boot: ## Label            Usage          Type ST Offset   Length
I (89) boot:  0 nvs              WiFi data        01 02 00009000 00006000
I (101) boot:  1 phy_init         RF data          01 01 0000f000 00001000
I (112) boot:  2 factory          factory app      00 00 00010000 000f0000
I (124) boot: End of partition table
I (131) esp_image: segment 0: paddr=0x00010010 vaddr=0x40210010 size=0x15e2c ( 89644) map
I (174) esp_image: segment 1: paddr=0x00025e44 vaddr=0x40225e3c size=0x05994 ( 22932) map
I (182) esp_image: segment 2: paddr=0x0002b7e0 vaddr=0x3ffe8000 size=0x003dc (   988) load
I (185) esp_image: segment 3: paddr=0x0002bbc4 vaddr=0x40100000 size=0x00080 (   128) load
I (199) esp_image: segment 4: paddr=0x0002bc4c vaddr=0x40100080 size=0x04558 ( 17752) load
I (218) boot: Loaded app from partition at offset 0x10000
I (238) gpio: GPIO[2]| InputEn: 0| OutputEn: 1| OpenDrain: 0| Pullup: 0| Pulldown: 0| Intr:0
I (242) main: Mutex Created

I (244) main: Trying high

I (249) main: GPIO set High

I (742) main: GPIO Level: 1

I (743) main: Trying low
I (745) main: GPIO set Low

I (1743) main: Trying high

I (1744) main: GPIO set High

I (2233) main: GPIO Level: 1

I (2253) main: Trying low
I (2254) main: GPIO set Low

I (3242) main: Trying high

I (3243) main: GPIO set High

I (3732) main: GPIO Level: 1

I (3762) main: Trying low
I (3763) main: GPIO set Low

I (4741) main: Trying high

I (4742) main: GPIO set High

I (5231) main: GPIO Level: 1

I (5271) main: Trying low
I (5272) main: GPIO set Low

I (6240) main: Trying high

I (6241) main: GPIO set High

